******************************************************************************
                  TI ARM Linker PC v18.12.1                    
******************************************************************************
>> Linked Fri Apr 19 18:10:44 2019

OUTPUT FILE NAME:   <demo.out>
ENTRY POINT SYMBOL: "_c_int00_noargs"  address: 00000ddd


MEMORY CONFIGURATION

         name            origin    length      used     unused   attr    fill
----------------------  --------  ---------  --------  --------  ----  --------
  FLASH                 00000000   00040000  0000103c  0003efc4  R  X
  SRAM                  20000000   00008000  00000205  00007dfb  RW X


SEGMENT ALLOCATION MAP

run origin  load origin   length   init length attrs members
----------  ----------- ---------- ----------- ----- -------
00000000    00000000    00001040   00001040    r-x
  00000000    00000000    0000026c   0000026c    r-- .intvecs
  0000026c    0000026c    00000c8c   00000c8c    r-x .text
  00000ef8    00000ef8    0000012c   0000012c    r-- .const
  00001028    00001028    00000018   00000018    r-- .cinit
20000000    20000000    00000205   00000000    rw-
  20000000    20000000    00000200   00000000    rw- .stack
  20000200    20000200    00000005   00000000    rw- .data


SECTION ALLOCATION MAP

 output                                  attributes/
section   page    origin      length       input sections
--------  ----  ----------  ----------   ----------------
.intvecs   0    00000000    0000026c     
                  00000000    0000026c     tm4c123gh6pm_startup_ccs.obj (.intvecs)

.text      0    0000026c    00000c8c     
                  0000026c    0000049c     uartstdio.obj (.text)
                  00000708    00000132     driverlib.lib : gpio.obj (.text:GPIOPadConfigSet)
                  0000083a    00000002     rtsv7M4_T_le_v4SPD16_eabi.lib : div0.asm.obj (.text)
                  0000083c    00000118     driverlib.lib : sysctl.obj (.text:SysCtlClockGet)
                  00000954    000000f4                   : sysctl.obj (.text:SysCtlClockSet)
                  00000a48    000000d4     main.obj (.text)
                  00000b1c    0000009c     rtsv7M4_T_le_v4SPD16_eabi.lib : memcpy_t2.asm.obj (.text)
                  00000bb8    00000068                                   : copy_decompress_lzss.c.obj (.text:decompress:lzss:__TI_decompress_lzss)
                  00000c20    0000004c     driverlib.lib : gpio.obj (.text:GPIOPinConfigure)
                  00000c6c    00000046                   : uart.obj (.text:UARTConfigSetExpClk)
                  00000cb2    00000002     --HOLE-- [fill = 0]
                  00000cb4    00000044     rtsv7M4_T_le_v4SPD16_eabi.lib : autoinit.c.obj (.text:__TI_auto_init_nobinit_nopinit:__TI_auto_init_nobinit_nopinit)
                  00000cf8    00000040                                   : u_divt2.asm.obj (.text)
                  00000d38    00000038     driverlib.lib : sysctl.obj (.text:SysCtlPeripheralPresent)
                  00000d70    00000038                   : sysctl.obj (.text:SysCtlPeripheralReady)
                  00000da8    00000034                   : sysctl.obj (.text:SysCtlPeripheralEnable)
                  00000ddc    00000034     rtsv7M4_T_le_v4SPD16_eabi.lib : boot_cortex_m.c.obj (.text:_c_int00_noargs:_c_int00_noargs)
                  00000e10    0000002c     driverlib.lib : gpio.obj (.text:GPIODirModeSet)
                  00000e3c    00000020                   : uart.obj (.text:UARTDisable)
                  00000e5c    00000018                   : gpio.obj (.text:GPIOPinTypeGPIOOutput)
                  00000e74    00000016                   : gpio.obj (.text:GPIOPinTypeUART)
                  00000e8a    00000014                   : uart.obj (.text:UARTEnable)
                  00000e9e    00000002     --HOLE-- [fill = 0]
                  00000ea0    00000010                   : fpu.obj (.text:FPULazyStackingEnable)
                  00000eb0    0000000e     rtsv7M4_T_le_v4SPD16_eabi.lib : copy_decompress_none.c.obj (.text:decompress:none:__TI_decompress_none)
                  00000ebe    0000000c     tm4c123gh6pm_startup_ccs.obj (.text)
                  00000eca    0000000a     driverlib.lib : uart.obj (.text:UARTCharGet)
                  00000ed4    0000000a                   : uart.obj (.text:UARTCharPut)
                  00000ede    00000006                   : gpio.obj (.text:GPIOPinWrite)
                  00000ee4    00000006                   : sysctl.obj (.text:SysCtlDelay)
                  00000eea    00000006                   : uart.obj (.text:UARTClockSourceSet)
                  00000ef0    00000004     rtsv7M4_T_le_v4SPD16_eabi.lib : pre_init.c.obj (.text:_system_pre_init)
                  00000ef4    00000004                                   : exit.c.obj (.text:abort:abort)

.const     0    00000ef8    0000012c     
                  00000ef8    00000090     driverlib.lib : gpio.obj (.const:g_pui32GPIOBaseAddrs)
                  00000f88    0000006c                   : sysctl.obj (.const:g_pui32Xtals)
                  00000ff4    00000012     uartstdio.obj (.const:.string)
                  00001006    00000002     --HOLE-- [fill = 0]
                  00001008    0000000c     uartstdio.obj (.const:g_ui32UARTBase)
                  00001014    0000000c     uartstdio.obj (.const:g_ui32UARTPeriph)
                  00001020    00000004     uartstdio.obj (.const)

.cinit     0    00001028    00000018     
                  00001028    00000008     (__TI_handler_table)
                  00001030    00000007     (.cinit..data.load) [load image, compression = lzss]
                  00001037    00000001     --HOLE-- [fill = 0]
                  00001038    00000008     (__TI_cinit_table)

.init_array 
*          0    00000000    00000000     UNINITIALIZED

.data      0    20000200    00000005     UNINITIALIZED
                  20000200    00000005     uartstdio.obj (.data)

.stack     0    20000000    00000200     UNINITIALIZED
                  20000000    00000004     rtsv7M4_T_le_v4SPD16_eabi.lib : boot_cortex_m.c.obj (.stack)
                  20000004    000001fc     --HOLE--

MODULE SUMMARY

       Module                         code   ro data   rw data
       ------                         ----   -------   -------
    .\
       tm4c123gh6pm_startup_ccs.obj   12     620       0      
       main.obj                       212    0         0      
    +--+------------------------------+------+---------+---------+
       Total:                         224    620       0      
                                                              
    .\utils\
       uartstdio.obj                  1180   46        5      
    +--+------------------------------+------+---------+---------+
       Total:                         1180   46        5      
                                                              
    C:/ti/tivaware_c_series_2_1_4_178/driverlib/ccs/Debug/driverlib.lib
       sysctl.obj                     694    108       0      
       gpio.obj                       478    144       0      
       uart.obj                       148    0         0      
       fpu.obj                        16     0         0      
    +--+------------------------------+------+---------+---------+
       Total:                         1336   252       0      
                                                              
    C:\ti\ccs901\ccs\tools\compiler\ti-cgt-arm_18.12.1.LTS\lib\rtsv7M4_T_le_v4SPD16_eabi.lib
       memcpy_t2.asm.obj              156    0         0      
       copy_decompress_lzss.c.obj     104    0         0      
       autoinit.c.obj                 68     0         0      
       u_divt2.asm.obj                64     0         0      
       boot_cortex_m.c.obj            52     0         0      
       copy_decompress_none.c.obj     14     0         0      
       exit.c.obj                     4      0         0      
       pre_init.c.obj                 4      0         0      
       div0.asm.obj                   2      0         0      
    +--+------------------------------+------+---------+---------+
       Total:                         468    0         0      
                                                              
       Stack:                         0      0         512    
       Linker Generated:              0      23        0      
    +--+------------------------------+------+---------+---------+
       Grand Total:                   3208   941       517    


LINKER GENERATED COPY TABLES

__TI_cinit_table @ 00001038 records: 1, size/record: 8, table size: 8
	.data: load addr=00001030, load size=00000007 bytes, run addr=20000200, run size=00000005 bytes, compression=lzss


LINKER GENERATED HANDLER TABLE

__TI_handler_table @ 00001028 records: 2, size/record: 4, table size: 8
	index: 0, handler: __TI_decompress_lzss
	index: 1, handler: __TI_decompress_none


GLOBAL SYMBOLS: SORTED ALPHABETICALLY BY Name 

address   name                          
-------   ----                          
00000ef5  C$$EXIT                       
00000ea1  FPULazyStackingEnable         
00000e11  GPIODirModeSet                
00000709  GPIOPadConfigSet              
00000c21  GPIOPinConfigure              
00000e5d  GPIOPinTypeGPIOOutput         
00000e75  GPIOPinTypeUART               
00000edf  GPIOPinWrite                  
00000ebf  ResetISR                      
0000083d  SysCtlClockGet                
00000955  SysCtlClockSet                
00000ee5  SysCtlDelay                   
00000da9  SysCtlPeripheralEnable        
00000d39  SysCtlPeripheralPresent       
00000d71  SysCtlPeripheralReady         
00000ecb  UARTCharGet                   
00000ed5  UARTCharPut                   
00000eeb  UARTClockSourceSet            
00000c6d  UARTConfigSetExpClk           
00000e3d  UARTDisable                   
00000e8b  UARTEnable                    
0000026d  UARTStdioConfig               
000003b3  UARTgetc                      
000002f9  UARTgets                      
000006d3  UARTprintf                    
000003d9  UARTvprintf                   
000002b3  UARTwrite                     
20000200  __STACK_END                   
00000200  __STACK_SIZE                  
20000200  __STACK_TOP                   
00001038  __TI_CINIT_Base               
00001040  __TI_CINIT_Limit              
00001028  __TI_Handler_Table_Base       
00001030  __TI_Handler_Table_Limit      
00000cb5  __TI_auto_init_nobinit_nopinit
00000bb9  __TI_decompress_lzss          
00000eb1  __TI_decompress_none          
ffffffff  __TI_pprof_out_hndl           
ffffffff  __TI_prof_data_size           
ffffffff  __TI_prof_data_start          
00000000  __TI_static_base__            
0000083b  __aeabi_idiv0                 
0000083b  __aeabi_ldiv0                 
00000b1d  __aeabi_memcpy                
00000b1d  __aeabi_memcpy4               
00000b1d  __aeabi_memcpy8               
00000cf9  __aeabi_uidiv                 
00000cf9  __aeabi_uidivmod              
ffffffff  __binit__                     
ffffffff  __c_args__                    
UNDEFED   __mpu_init                    
20000000  __stack                       
00000ddd  _c_int00_noargs               
UNDEFED   _system_post_cinit            
00000ef1  _system_pre_init              
00000ef5  abort                         
ffffffff  binit                         
00000000  g_pfnVectors                  
00000a49  main                          
00000b1d  memcpy                        


GLOBAL SYMBOLS: SORTED BY Symbol Address 

address   name                          
-------   ----                          
00000000  __TI_static_base__            
00000000  g_pfnVectors                  
00000200  __STACK_SIZE                  
0000026d  UARTStdioConfig               
000002b3  UARTwrite                     
000002f9  UARTgets                      
000003b3  UARTgetc                      
000003d9  UARTvprintf                   
000006d3  UARTprintf                    
00000709  GPIOPadConfigSet              
0000083b  __aeabi_idiv0                 
0000083b  __aeabi_ldiv0                 
0000083d  SysCtlClockGet                
00000955  SysCtlClockSet                
00000a49  main                          
00000b1d  __aeabi_memcpy                
00000b1d  __aeabi_memcpy4               
00000b1d  __aeabi_memcpy8               
00000b1d  memcpy                        
00000bb9  __TI_decompress_lzss          
00000c21  GPIOPinConfigure              
00000c6d  UARTConfigSetExpClk           
00000cb5  __TI_auto_init_nobinit_nopinit
00000cf9  __aeabi_uidiv                 
00000cf9  __aeabi_uidivmod              
00000d39  SysCtlPeripheralPresent       
00000d71  SysCtlPeripheralReady         
00000da9  SysCtlPeripheralEnable        
00000ddd  _c_int00_noargs               
00000e11  GPIODirModeSet                
00000e3d  UARTDisable                   
00000e5d  GPIOPinTypeGPIOOutput         
00000e75  GPIOPinTypeUART               
00000e8b  UARTEnable                    
00000ea1  FPULazyStackingEnable         
00000eb1  __TI_decompress_none          
00000ebf  ResetISR                      
00000ecb  UARTCharGet                   
00000ed5  UARTCharPut                   
00000edf  GPIOPinWrite                  
00000ee5  SysCtlDelay                   
00000eeb  UARTClockSourceSet            
00000ef1  _system_pre_init              
00000ef5  C$$EXIT                       
00000ef5  abort                         
00001028  __TI_Handler_Table_Base       
00001030  __TI_Handler_Table_Limit      
00001038  __TI_CINIT_Base               
00001040  __TI_CINIT_Limit              
20000000  __stack                       
20000200  __STACK_END                   
20000200  __STACK_TOP                   
ffffffff  __TI_pprof_out_hndl           
ffffffff  __TI_prof_data_size           
ffffffff  __TI_prof_data_start          
ffffffff  __binit__                     
ffffffff  __c_args__                    
ffffffff  binit                         
UNDEFED   __mpu_init                    
UNDEFED   _system_post_cinit            

[60 symbols]
