******************************************************************************
                  TI ARM Linker PC v18.12.1                    
******************************************************************************
>> Linked Wed Apr 24 16:38:39 2019

OUTPUT FILE NAME:   <demo.out>
ENTRY POINT SYMBOL: "_c_int00_noinit_noargs"  address: 0000074d


MEMORY CONFIGURATION

         name            origin    length      used     unused   attr    fill
----------------------  --------  ---------  --------  --------  ----  --------
  FLASH                 00000000   00040000  00000986  0003f67a  R  X
  SRAM                  20000000   00008000  00000200  00007e00  RW X


SEGMENT ALLOCATION MAP

run origin  load origin   length   init length attrs members
----------  ----------- ---------- ----------- ----- -------
00000000    00000000    00000988   00000988    r-x
  00000000    00000000    0000026c   0000026c    r-- .intvecs
  0000026c    0000026c    0000061e   0000061e    r-x .text
  0000088c    0000088c    000000fc   000000fc    r-- .const
20000000    20000000    00000200   00000000    rw-
  20000000    20000000    00000200   00000000    rw- .stack


SECTION ALLOCATION MAP

 output                                  attributes/
section   page    origin      length       input sections
--------  ----  ----------  ----------   ----------------
.intvecs   0    00000000    0000026c     
                  00000000    0000026c     tm4c123gh6pm_startup_ccs.obj (.intvecs)

.text      0    0000026c    0000061e     
                  0000026c    00000168     main.obj (.text)
                  000003d4    00000132     driverlib.lib : gpio.obj (.text:GPIOPadConfigSet)
                  00000506    00000002     --HOLE-- [fill = 0]
                  00000508    00000118                   : sysctl.obj (.text:SysCtlClockGet)
                  00000620    0000004c                   : gpio.obj (.text:GPIOPinConfigure)
                  0000066c    00000046                   : uart.obj (.text:UARTConfigSetExpClk)
                  000006b2    00000002     --HOLE-- [fill = 0]
                  000006b4    00000038                   : sysctl.obj (.text:SysCtlPeripheralReady)
                  000006ec    00000034                   : sysctl.obj (.text:SysCtlPeripheralEnable)
                  00000720    0000002c                   : gpio.obj (.text:GPIODirModeSet)
                  0000074c    0000002c     rtsv7M4_T_le_v4SPD16_eabi.lib : boot_cortex_m.c.obj (.text:_c_int00_noinit_noargs:_c_int00_noinit_noargs)
                  00000778    00000022     driverlib.lib : pwm.obj (.text:PWMGenConfigure)
                  0000079a    00000002     --HOLE-- [fill = 0]
                  0000079c    00000020                   : uart.obj (.text:UARTDisable)
                  000007bc    0000001e                   : pwm.obj (.text:PWMPulseWidthSet)
                  000007da    00000018                   : gpio.obj (.text:GPIOPinTypeGPIOOutput)
                  000007f2    00000016                   : gpio.obj (.text:GPIOPinTypePWM)
                  00000808    00000016                   : gpio.obj (.text:GPIOPinTypeUART)
                  0000081e    00000014                   : uart.obj (.text:UARTEnable)
                  00000832    00000012                   : pwm.obj (.text:PWMOutputState)
                  00000844    00000010                   : pwm.obj (.text:PWMGenPeriodSet)
                  00000854    0000000c                   : pwm.obj (.text:PWMGenEnable)
                  00000860    0000000c     tm4c123gh6pm_startup_ccs.obj (.text)
                  0000086c    0000000a     driverlib.lib : uart.obj (.text:UARTCharPut)
                  00000876    00000006                   : gpio.obj (.text:GPIOPinWrite)
                  0000087c    00000006                   : sysctl.obj (.text:SysCtlDelay)
                  00000882    00000004     rtsv7M4_T_le_v4SPD16_eabi.lib : pre_init.c.obj (.text:_system_pre_init)
                  00000886    00000004                                   : exit.c.obj (.text:abort:abort)

.const     0    0000088c    000000fc     
                  0000088c    00000090     driverlib.lib : gpio.obj (.const:g_pui32GPIOBaseAddrs)
                  0000091c    0000006c                   : sysctl.obj (.const:g_pui32Xtals)

.cinit     0    00000000    00000000     UNINITIALIZED

.init_array 
*          0    00000000    00000000     UNINITIALIZED

.stack     0    20000000    00000200     UNINITIALIZED
                  20000000    00000004     rtsv7M4_T_le_v4SPD16_eabi.lib : boot_cortex_m.c.obj (.stack)
                  20000004    000001fc     --HOLE--

MODULE SUMMARY

       Module                         code   ro data   rw data
       ------                         ----   -------   -------
    .\
       tm4c123gh6pm_startup_ccs.obj   12     620       0      
       main.obj                       360    0         0      
    +--+------------------------------+------+---------+---------+
       Total:                         372    620       0      
                                                              
    C:/ti/tivaware_c_series_2_1_4_178/driverlib/ccs/Debug/driverlib.lib
       gpio.obj                       500    144       0      
       sysctl.obj                     394    108       0      
       uart.obj                       132    0         0      
       pwm.obj                        110    0         0      
    +--+------------------------------+------+---------+---------+
       Total:                         1136   252       0      
                                                              
    C:\ti\ccs901\ccs\tools\compiler\ti-cgt-arm_18.12.1.LTS\lib\rtsv7M4_T_le_v4SPD16_eabi.lib
       boot_cortex_m.c.obj            44     0         0      
       exit.c.obj                     4      0         0      
       pre_init.c.obj                 4      0         0      
    +--+------------------------------+------+---------+---------+
       Total:                         52     0         0      
                                                              
       Stack:                         0      0         512    
    +--+------------------------------+------+---------+---------+
       Grand Total:                   1560   872       512    


GLOBAL SYMBOLS: SORTED ALPHABETICALLY BY Name 

address   name                  
-------   ----                  
00000887  C$$EXIT               
00000721  GPIODirModeSet        
000003d5  GPIOPadConfigSet      
00000621  GPIOPinConfigure      
000007db  GPIOPinTypeGPIOOutput 
000007f3  GPIOPinTypePWM        
00000809  GPIOPinTypeUART       
00000877  GPIOPinWrite          
00000779  PWMGenConfigure       
00000855  PWMGenEnable          
00000845  PWMGenPeriodSet       
00000833  PWMOutputState        
000007bd  PWMPulseWidthSet      
00000861  ResetISR              
00000509  SysCtlClockGet        
0000087d  SysCtlDelay           
000006ed  SysCtlPeripheralEnable
000006b5  SysCtlPeripheralReady 
0000086d  UARTCharPut           
0000066d  UARTConfigSetExpClk   
0000079d  UARTDisable           
0000081f  UARTEnable            
20000200  __STACK_END           
00000200  __STACK_SIZE          
20000200  __STACK_TOP           
ffffffff  __TI_pprof_out_hndl   
ffffffff  __TI_prof_data_size   
ffffffff  __TI_prof_data_start  
00000000  __TI_static_base__    
ffffffff  __binit__             
ffffffff  __c_args__            
UNDEFED   __mpu_init            
20000000  __stack               
0000074d  _c_int00_noinit_noargs
00000883  _system_pre_init      
00000887  abort                 
ffffffff  binit                 
000002b7  configure_pwm_module  
0000026d  configure_uart_serial 
00000000  g_pfnVectors          
000002e9  main                  


GLOBAL SYMBOLS: SORTED BY Symbol Address 

address   name                  
-------   ----                  
00000000  __TI_static_base__    
00000000  g_pfnVectors          
00000200  __STACK_SIZE          
0000026d  configure_uart_serial 
000002b7  configure_pwm_module  
000002e9  main                  
000003d5  GPIOPadConfigSet      
00000509  SysCtlClockGet        
00000621  GPIOPinConfigure      
0000066d  UARTConfigSetExpClk   
000006b5  SysCtlPeripheralReady 
000006ed  SysCtlPeripheralEnable
00000721  GPIODirModeSet        
0000074d  _c_int00_noinit_noargs
00000779  PWMGenConfigure       
0000079d  UARTDisable           
000007bd  PWMPulseWidthSet      
000007db  GPIOPinTypeGPIOOutput 
000007f3  GPIOPinTypePWM        
00000809  GPIOPinTypeUART       
0000081f  UARTEnable            
00000833  PWMOutputState        
00000845  PWMGenPeriodSet       
00000855  PWMGenEnable          
00000861  ResetISR              
0000086d  UARTCharPut           
00000877  GPIOPinWrite          
0000087d  SysCtlDelay           
00000883  _system_pre_init      
00000887  C$$EXIT               
00000887  abort                 
20000000  __stack               
20000200  __STACK_END           
20000200  __STACK_TOP           
ffffffff  __TI_pprof_out_hndl   
ffffffff  __TI_prof_data_size   
ffffffff  __TI_prof_data_start  
ffffffff  __binit__             
ffffffff  __c_args__            
ffffffff  binit                 
UNDEFED   __mpu_init            

[41 symbols]
